Here we go..
